|==============|
| QUEUE TESTER |
|==============|

Scenario: empty
empty_test_queue_front       PASS
empty_test_queue_rear        PASS
empty_test_queue_enqueue     PASS
empty_test_queue_dequeue     PASS
empty_test_queue_empty       PASS

Tests: 5, Passed: 5, Failed: 0 (%100.000)
Total: 5, Passed: 5, Failed: 0 (%100.000)

Scenario: empty_enqueueA_A
empty_enqueueA_A_test_queue_front       PASS
empty_enqueueA_A_test_queue_rear        PASS
empty_enqueueA_A_test_queue_enqueue     PASS
empty_enqueueA_A_test_queue_dequeue_0   PASS
empty_enqueueA_A_test_queue_dequeue_3   PASS
empty_enqueueA_A_test_queue_empty       PASS

Tests: 6, Passed: 6, Failed: 0 (%100.000)
Total: 11, Passed: 11, Failed: 0 (%100.000)

Scenario: empty_enqueueB_B
empty_enqueueB_B_test_queue_front       PASS
empty_enqueueB_B_test_queue_rear        PASS
empty_enqueueB_B_test_queue_enqueue     PASS
empty_enqueueB_B_test_queue_dequeue_0   PASS
empty_enqueueB_B_test_queue_dequeue_3   PASS
empty_enqueueB_B_test_queue_empty       PASS

Tests: 6, Passed: 6, Failed: 0 (%100.000)
Total: 17, Passed: 17, Failed: 0 (%100.000)

Scenario: A_dequeue_empty
A_dequeue_empty_test_queue_front       PASS
A_dequeue_empty_test_queue_rear        PASS
A_dequeue_empty_test_queue_enqueue     PASS
A_dequeue_empty_test_queue_dequeue     PASS
A_dequeue_empty_test_queue_empty       PASS

Tests: 5, Passed: 5, Failed: 0 (%100.000)
Total: 22, Passed: 22, Failed: 0 (%100.000)

Scenario: B_dequeue_empty
B_dequeue_empty_test_queue_front       PASS
B_dequeue_empty_test_queue_rear        PASS
B_dequeue_empty_test_queue_enqueue     PASS
B_dequeue_empty_test_queue_dequeue     PASS
B_dequeue_empty_test_queue_empty       PASS

Tests: 5, Passed: 5, Failed: 0 (%100.000)
Total: 27, Passed: 27, Failed: 0 (%100.000)

Scenario: A_enqueueB_BA
A_enqueueB_BA_test_queue_front       PASS
A_enqueueB_BA_test_queue_rear        PASS
A_enqueueB_BA_test_queue_enqueue     PASS
A_enqueueB_BA_test_queue_dequeue_0   PASS
A_enqueueB_BA_test_queue_dequeue_1   PASS
A_enqueueB_BA_test_queue_dequeue_3   PASS
A_enqueueB_BA_test_queue_empty       PASS

Tests: 7, Passed: 7, Failed: 0 (%100.000)
Total: 34, Passed: 34, Failed: 0 (%100.000)

Scenario: B_enqueueA_AB
B_enqueueA_AB_test_queue_front       PASS
B_enqueueA_AB_test_queue_rear        PASS
B_enqueueA_AB_test_queue_enqueue     PASS
B_enqueueA_AB_test_queue_dequeue_0   PASS
B_enqueueA_AB_test_queue_dequeue_1   PASS
B_enqueueA_AB_test_queue_dequeue_3   PASS
B_enqueueA_AB_test_queue_empty       PASS

Tests: 7, Passed: 7, Failed: 0 (%100.000)
Total: 41, Passed: 41, Failed: 0 (%100.000)

Scenario: construct_AB_dequeue_A
construct_AB_dequeue_A_test_queue_front       PASS
construct_AB_dequeue_A_test_queue_rear        PASS
construct_AB_dequeue_A_test_queue_enqueue     PASS
construct_AB_dequeue_A_test_queue_dequeue_0   PASS
construct_AB_dequeue_A_test_queue_dequeue_3   PASS
construct_AB_dequeue_A_test_queue_empty       PASS

Tests: 6, Passed: 6, Failed: 0 (%100.000)
Total: 47, Passed: 47, Failed: 0 (%100.000)

Scenario: construct_BA_dequeue_B
construct_BA_dequeue_B_test_queue_front       PASS
construct_BA_dequeue_B_test_queue_rear        PASS
construct_BA_dequeue_B_test_queue_enqueue     PASS
construct_BA_dequeue_B_test_queue_dequeue_0   PASS
construct_BA_dequeue_B_test_queue_dequeue_3   PASS
construct_BA_dequeue_B_test_queue_empty       PASS

Tests: 6, Passed: 6, Failed: 0 (%100.000)
Total: 53, Passed: 53, Failed: 0 (%100.000)

Scenario: AB_enqueueC_CAB
AB_enqueueC_CAB_test_queue_front       PASS
AB_enqueueC_CAB_test_queue_rear        PASS
AB_enqueueC_CAB_test_queue_enqueue     PASS
AB_enqueueC_CAB_test_queue_dequeue_0   PASS
AB_enqueueC_CAB_test_queue_dequeue_1   PASS
AB_enqueueC_CAB_test_queue_dequeue_2   PASS
AB_enqueueC_CAB_test_queue_dequeue_3   PASS
AB_enqueueC_CAB_test_queue_empty       PASS

Tests: 8, Passed: 8, Failed: 0 (%100.000)
Total: 61, Passed: 61, Failed: 0 (%100.000)

Scenario: BA_enqueueC_CBA
BA_enqueueC_CBA_test_queue_front       PASS
BA_enqueueC_CBA_test_queue_rear        PASS
BA_enqueueC_CBA_test_queue_enqueue     PASS
BA_enqueueC_CBA_test_queue_dequeue_0   PASS
BA_enqueueC_CBA_test_queue_dequeue_1   PASS
BA_enqueueC_CBA_test_queue_dequeue_2   PASS
BA_enqueueC_CBA_test_queue_dequeue_3   PASS
BA_enqueueC_CBA_test_queue_empty       PASS

Tests: 8, Passed: 8, Failed: 0 (%100.000)
Total: 69, Passed: 69, Failed: 0 (%100.000)

Scenario: CAB_dequeue_CA
CAB_dequeue_CA_test_queue_front       PASS
CAB_dequeue_CA_test_queue_rear        PASS
CAB_dequeue_CA_test_queue_enqueue     PASS
CAB_dequeue_CA_test_queue_dequeue_0   PASS
CAB_dequeue_CA_test_queue_dequeue_1   PASS
CAB_dequeue_CA_test_queue_dequeue_3   PASS
CAB_dequeue_CA_test_queue_empty       PASS

Tests: 7, Passed: 7, Failed: 0 (%100.000)
Total: 76, Passed: 76, Failed: 0 (%100.000)

Scenario: CBA_dequeue_CB
CBA_dequeue_CB_test_queue_front       PASS
CBA_dequeue_CB_test_queue_rear        PASS
CBA_dequeue_CB_test_queue_enqueue     PASS
CBA_dequeue_CB_test_queue_dequeue_0   PASS
CBA_dequeue_CB_test_queue_dequeue_1   PASS
CBA_dequeue_CB_test_queue_dequeue_3   PASS
CBA_dequeue_CB_test_queue_empty       PASS

Tests: 7, Passed: 7, Failed: 0 (%100.000)
Total: 83, Passed: 83, Failed: 0 (%100.000)

queue took 531 us to test
